com\vendafacil\repositorio\VendaRepositorio.class
com\vendafacil\repositorio\jdbc\ProdutoRepositorioJdbc.class
com\vendafacil\dominio\RegraDeNegocioException.class
com\vendafacil\dominio\Venda.class
com\vendafacil\repositorio\Transacoes.class
com\vendafacil\servico\ImportadorLegado$Resultado.class
com\vendafacil\dominio\Moeda.class
com\vendafacil\ui\PainelProdutos$RendererPreco.class
com\vendafacil\ui\TelaLogin.class
com\vendafacil\repositorio\jdbc\VendaRepositorioJdbc.class
com\vendafacil\config\Configuracao.class
com\vendafacil\ui\Tema$CampoTexto.class
com\vendafacil\ui\PainelVendas.class
com\vendafacil\servico\Indicadores.class
com\vendafacil\ui\Tema$Cartao.class
com\vendafacil\ui\PainelDashboard$1.class
com\vendafacil\ui\PainelProdutos$RendererSituacao.class
com\vendafacil\ui\TelaPrincipal.class
com\vendafacil\repositorio\jdbc\UsuarioRepositorioJdbc.class
com\vendafacil\servico\VendaServico.class
com\vendafacil\ui\Tema$RendererLinha.class
com\vendafacil\persistencia\BancoDados$Parametros.class
com\vendafacil\servico\Senhas.class
com\vendafacil\ui\TelaPrincipal$1.class
com\vendafacil\servico\ProdutoServico.class
com\vendafacil\ui\PainelProdutos$5.class
com\vendafacil\persistencia\Migrador.class
com\vendafacil\servico\RelatorioServico.class
com\vendafacil\ui\PainelDashboard.class
com\vendafacil\ui\Tema$BotaoModerno.class
com\vendafacil\persistencia\BancoDados.class
com\vendafacil\app\Contexto.class
com\vendafacil\persistencia\PersistenciaException.class
com\vendafacil\servico\ImportadorLegado$Contador.class
com\vendafacil\dominio\Credencial.class
com\vendafacil\ui\PainelProdutos$RendererCentralizado.class
com\vendafacil\repositorio\UsuarioRepositorio.class
com\vendafacil\ui\PainelProdutos.class
com\vendafacil\ui\PainelVendas$2.class
com\vendafacil\ui\PainelProdutos$2.class
com\vendafacil\ui\TelaLogin$PainelFundo.class
com\vendafacil\ui\TelaPrincipal$PainelAtualizavel.class
com\vendafacil\persistencia\BancoDados$Mapeador.class
com\vendafacil\ui\PainelVendas$RendererData.class
com\vendafacil\ui\Tema$EtiquetaPill.class
com\vendafacil\dominio\Produto.class
com\vendafacil\ui\PainelProdutos$DialogoProduto.class
com\vendafacil\servico\AutenticacaoServico.class
com\vendafacil\ui\TelaLogin$1.class
com\vendafacil\ui\TelaPrincipal$BotaoNavegacao.class
com\vendafacil\dominio\SituacaoEstoque.class
com\vendafacil\repositorio\jdbc\TransacoesJdbc.class
com\vendafacil\ui\Dialogos$1.class
com\vendafacil\ui\Tema.class
com\vendafacil\persistencia\BancoDados$Transacao.class
com\vendafacil\VendaFacil.class
com\vendafacil\ui\PainelProdutos$4.class
com\vendafacil\ui\PainelProdutos$1.class
com\vendafacil\ui\Tema$IconeVetor.class
com\vendafacil\ui\PainelVendas$1.class
com\vendafacil\ui\Tema$BarraRolagemModerna.class
com\vendafacil\ui\Dialogos.class
com\vendafacil\ui\PainelVendas$RendererCentro.class
com\vendafacil\ui\PainelVendas$RendererMoeda.class
com\vendafacil\servico\ImportadorLegado.class
com\vendafacil\ui\Tema$CampoSenha.class
com\vendafacil\ui\PainelProdutos$3.class
com\vendafacil\repositorio\jdbc\Datas.class
com\vendafacil\ui\Tema$JTextComponentInfo.class
com\vendafacil\repositorio\ProdutoRepositorio.class
