C:\Users\joaoh\Downloads\vendafacil-desktop\src\main\java\com\vendafacil\app\Contexto.java
C:\Users\joaoh\Downloads\vendafacil-desktop\src\main\java\com\vendafacil\config\Configuracao.java
C:\Users\joaoh\Downloads\vendafacil-desktop\src\main\java\com\vendafacil\dominio\Credencial.java
C:\Users\joaoh\Downloads\vendafacil-desktop\src\main\java\com\vendafacil\dominio\Moeda.java
C:\Users\joaoh\Downloads\vendafacil-desktop\src\main\java\com\vendafacil\dominio\Produto.java
C:\Users\joaoh\Downloads\vendafacil-desktop\src\main\java\com\vendafacil\dominio\RegraDeNegocioException.java
C:\Users\joaoh\Downloads\vendafacil-desktop\src\main\java\com\vendafacil\dominio\SituacaoEstoque.java
C:\Users\joaoh\Downloads\vendafacil-desktop\src\main\java\com\vendafacil\dominio\Venda.java
C:\Users\joaoh\Downloads\vendafacil-desktop\src\main\java\com\vendafacil\persistencia\BancoDados.java
C:\Users\joaoh\Downloads\vendafacil-desktop\src\main\java\com\vendafacil\persistencia\Migrador.java
C:\Users\joaoh\Downloads\vendafacil-desktop\src\main\java\com\vendafacil\persistencia\PersistenciaException.java
C:\Users\joaoh\Downloads\vendafacil-desktop\src\main\java\com\vendafacil\repositorio\jdbc\Datas.java
C:\Users\joaoh\Downloads\vendafacil-desktop\src\main\java\com\vendafacil\repositorio\jdbc\ProdutoRepositorioJdbc.java
C:\Users\joaoh\Downloads\vendafacil-desktop\src\main\java\com\vendafacil\repositorio\jdbc\TransacoesJdbc.java
C:\Users\joaoh\Downloads\vendafacil-desktop\src\main\java\com\vendafacil\repositorio\jdbc\UsuarioRepositorioJdbc.java
C:\Users\joaoh\Downloads\vendafacil-desktop\src\main\java\com\vendafacil\repositorio\jdbc\VendaRepositorioJdbc.java
C:\Users\joaoh\Downloads\vendafacil-desktop\src\main\java\com\vendafacil\repositorio\ProdutoRepositorio.java
C:\Users\joaoh\Downloads\vendafacil-desktop\src\main\java\com\vendafacil\repositorio\Transacoes.java
C:\Users\joaoh\Downloads\vendafacil-desktop\src\main\java\com\vendafacil\repositorio\UsuarioRepositorio.java
C:\Users\joaoh\Downloads\vendafacil-desktop\src\main\java\com\vendafacil\repositorio\VendaRepositorio.java
C:\Users\joaoh\Downloads\vendafacil-desktop\src\main\java\com\vendafacil\servico\AutenticacaoServico.java
C:\Users\joaoh\Downloads\vendafacil-desktop\src\main\java\com\vendafacil\servico\ImportadorLegado.java
C:\Users\joaoh\Downloads\vendafacil-desktop\src\main\java\com\vendafacil\servico\Indicadores.java
C:\Users\joaoh\Downloads\vendafacil-desktop\src\main\java\com\vendafacil\servico\ProdutoServico.java
C:\Users\joaoh\Downloads\vendafacil-desktop\src\main\java\com\vendafacil\servico\RelatorioServico.java
C:\Users\joaoh\Downloads\vendafacil-desktop\src\main\java\com\vendafacil\servico\Senhas.java
C:\Users\joaoh\Downloads\vendafacil-desktop\src\main\java\com\vendafacil\servico\VendaServico.java
C:\Users\joaoh\Downloads\vendafacil-desktop\src\main\java\com\vendafacil\ui\Dialogos.java
C:\Users\joaoh\Downloads\vendafacil-desktop\src\main\java\com\vendafacil\ui\PainelDashboard.java
C:\Users\joaoh\Downloads\vendafacil-desktop\src\main\java\com\vendafacil\ui\PainelProdutos.java
C:\Users\joaoh\Downloads\vendafacil-desktop\src\main\java\com\vendafacil\ui\PainelVendas.java
C:\Users\joaoh\Downloads\vendafacil-desktop\src\main\java\com\vendafacil\ui\TelaLogin.java
C:\Users\joaoh\Downloads\vendafacil-desktop\src\main\java\com\vendafacil\ui\TelaPrincipal.java
C:\Users\joaoh\Downloads\vendafacil-desktop\src\main\java\com\vendafacil\ui\Tema.java
C:\Users\joaoh\Downloads\vendafacil-desktop\src\main\java\com\vendafacil\VendaFacil.java
