C:\Users\joaoh\Downloads\vendafacil-desktop\src\test\java\com\vendafacil\dominio\MoedaTest.java
C:\Users\joaoh\Downloads\vendafacil-desktop\src\test\java\com\vendafacil\dominio\ProdutoTest.java
C:\Users\joaoh\Downloads\vendafacil-desktop\src\test\java\com\vendafacil\dominio\VendaTest.java
C:\Users\joaoh\Downloads\vendafacil-desktop\src\test\java\com\vendafacil\persistencia\BancoDadosTest.java
C:\Users\joaoh\Downloads\vendafacil-desktop\src\test\java\com\vendafacil\persistencia\MigradorTest.java
C:\Users\joaoh\Downloads\vendafacil-desktop\src\test\java\com\vendafacil\servico\AutenticacaoServicoTest.java
C:\Users\joaoh\Downloads\vendafacil-desktop\src\test\java\com\vendafacil\servico\ImportadorLegadoTest.java
C:\Users\joaoh\Downloads\vendafacil-desktop\src\test\java\com\vendafacil\servico\ProdutoServicoTest.java
C:\Users\joaoh\Downloads\vendafacil-desktop\src\test\java\com\vendafacil\servico\RelatorioServicoTest.java
C:\Users\joaoh\Downloads\vendafacil-desktop\src\test\java\com\vendafacil\servico\VendaServicoTest.java
C:\Users\joaoh\Downloads\vendafacil-desktop\src\test\java\com\vendafacil\suporte\BancoTeste.java
